src/app/core/guards/step-up.guard.ts:22	.toPromise() -> lastValueFrom(...)
src/app/core/services/auth.service.ts:216	.toPromise() -> lastValueFrom(...)
src/app/core/services/auth.service.ts:214	.toPromise() -> lastValueFrom(...)
src/app/core/services/auth.service.ts:213	.toPromise() -> lastValueFrom(...)
src/app/core/services/auth.service.ts:192	.toPromise() -> lastValueFrom(...)
src/app/core/services/auth.service.ts:166	.toPromise() -> lastValueFrom(...)
src/app/core/services/auth.service.ts:150	.toPromise() -> lastValueFrom(...)
src/app/core/services/auth.service.ts:138	.toPromise() -> lastValueFrom(...)
src/app/core/services/auth.service.ts:130	.toPromise() -> lastValueFrom(...)
src/app/core/services/auth.service.ts:105	.toPromise() -> lastValueFrom(...)
src/app/core/services/auth.service.ts:91	.toPromise() -> lastValueFrom(...)
src/app/core/services/session-idle.service.ts:50	.toPromise() -> lastValueFrom(...)
src/app/core/services/telemetry.service.ts:68	.toPromise() -> lastValueFrom(...)
src/app/features/accounts/accounts.service.ts:59	.toPromise() -> lastValueFrom(...)
src/app/features/accounts/accounts.service.ts:51	.toPromise() -> lastValueFrom(...)
src/app/features/accounts/accounts.service.ts:46	.toPromise() -> lastValueFrom(...)
src/app/features/accounts/accounts.service.ts:44	.toPromise() -> lastValueFrom(...)
src/app/features/accounts/accounts.service.ts:36	.toPromise() -> lastValueFrom(...)
src/app/features/accounts/accounts.service.ts:27	.toPromise() -> lastValueFrom(...)
src/app/features/accounts/accounts.service.ts:25	.toPromise() -> lastValueFrom(...)
src/app/features/ach/ach-templates/ach-templates.component.ts:46	.toPromise() -> lastValueFrom(...)
src/app/features/ach/ach-templates/ach-templates.component.ts:31	.toPromise() -> lastValueFrom(...)
src/app/features/ach/ach.service.ts:78	.toPromise() -> lastValueFrom(...)
src/app/features/ach/ach.service.ts:40	.toPromise() -> lastValueFrom(...)
src/app/features/ach/ach.service.ts:35	.toPromise() -> lastValueFrom(...)
src/app/features/ach/ach.service.ts:30	.toPromise() -> lastValueFrom(...)
src/app/features/ach/ach.service.ts:25	.toPromise() -> lastValueFrom(...)
src/app/features/alerts/alert-list/alert-list.component.ts:42	.toPromise() -> lastValueFrom(...)
src/app/features/alerts/alerts.service.ts:20	.toPromise() -> lastValueFrom(...)
src/app/features/alerts/alerts.service.ts:15	.toPromise() -> lastValueFrom(...)
src/app/features/approvals/approval-detail/approval-detail.component.ts:93	.toPromise() -> lastValueFrom(...)
src/app/features/payroll/payroll.service.ts:54	.toPromise() -> lastValueFrom(...)
src/app/features/payroll/payroll.service.ts:47	.toPromise() -> lastValueFrom(...)
src/app/features/payroll/payroll.service.ts:40	.toPromise() -> lastValueFrom(...)
src/app/features/payroll/payroll.service.ts:30	.toPromise() -> lastValueFrom(...)
src/app/features/reports/reports.service.ts:39	.toPromise() -> lastValueFrom(...)
src/app/features/users/user-detail/user-detail.component.ts:42	.toPromise() -> lastValueFrom(...)
src/app/features/users/user-list/user-list.component.ts:57	.toPromise() -> lastValueFrom(...)
src/app/features/users/users.service.ts:35	.toPromise() -> lastValueFrom(...)
src/app/features/users/users.service.ts:30	.toPromise() -> lastValueFrom(...)
src/app/features/users/users.service.ts:25	.toPromise() -> lastValueFrom(...)
src/app/features/wires/wire-detail/wire-detail.component.ts:92	.toPromise() -> lastValueFrom(...)
src/app/features/wires/wires.service.ts:40	.toPromise() -> lastValueFrom(...)
src/app/features/wires/wires.service.ts:33	.toPromise() -> lastValueFrom(...)
src/app/features/wires/wires.service.ts:28	.toPromise() -> lastValueFrom(...)
src/app/features/wires/wires.service.ts:23	.toPromise() -> lastValueFrom(...)
src/app/layout/shell/shell.component.ts:99	.toPromise() -> lastValueFrom(...)
src/app/legacy/audit-log/legacy-audit-log.component.ts:59	.toPromise() -> lastValueFrom(...)
src/app/legacy/statements/legacy-statements.component.ts:27	.toPromise() -> lastValueFrom(...)
