
> northgate-business@2026.09.0 build
> ng build

Workspace extension with invalid name (_comment) found.
- Generating browser application bundles (phase: setup)...
✔ Browser application bundle generation complete.
✔ Browser application bundle generation complete.
- Copying assets...
✔ Copying assets complete.
- Generating index html...
✔ Index html generation complete.

Initial Chunk Files           | Names                               |  Raw Size | Estimated Transfer Size
main.f4a3349ab16d9755.js      | main                                |   1.71 MB |               362.53 kB
styles.d82a73d6f94f6707.css   | styles                              | 237.66 kB |                16.13 kB
polyfills.b35ab97e920b2090.js | polyfills                           |  33.15 kB |                10.65 kB
runtime.d5ac65cdaa10917d.js   | runtime                             |   3.47 kB |                 1.62 kB

| Initial Total                       |   1.98 MB |               390.93 kB

Lazy Chunk Files              | Names                               |  Raw Size | Estimated Transfer Size
769.e92327229aa75dc4.js       | features-ach-ach-module             |  51.16 kB |                12.44 kB
651.91801ddb8da48757.js       | features-accounts-accounts-module   |  32.91 kB |                 8.07 kB
728.4b5f96adae8a662f.js       | features-wires-wires-module         |  31.34 kB |                 7.80 kB
23.1afc59934f00bde9.js        | features-payroll-payroll-module     |  30.28 kB |                 7.59 kB
143.c3351dc8edad6c5c.js       | features-users-users-module         |  26.83 kB |                 6.92 kB
808.19844a8d2b9d0ac4.js       | features-approvals-approvals-module |  22.55 kB |                 5.84 kB
801.5b764a8b93f43f34.js       | features-reports-reports-module     |  15.19 kB |                 4.51 kB
744.775d09718ff98732.js       | features-alerts-alerts-module       |   8.80 kB |                 2.78 kB
common.90af5f00a498b718.js    | common                              |   6.46 kB |                 2.28 kB

Build at: 2026-09-09T22:18:54.557Z - Hash: 6a584184bccd5e06 - Time: 34700ms

Warning: /home/ubuntu/repos/northgate-business-web/src/app/shared/pipes/mask-account.pipe.ts depends on '@northgate/domain-fixtures'. CommonJS or AMD dependencies can cause optimization bailouts.
For more info see: https://angular.io/guide/build#configuring-commonjs-dependencies


